[INFO] Scanning for projects...
[INFO] 
[INFO] -------------------< com.interview:wealth-ui-tests >--------------------
[INFO] Building wealth-ui-tests 0.0.1-SNAPSHOT
[INFO]   from pom.xml
[INFO] --------------------------------[ jar ]---------------------------------
[WARNING] The POM for com.interview:wealth-api:jar:0.0.1-SNAPSHOT is missing, no dependency information available
[INFO] ------------------------------------------------------------------------
[INFO] BUILD FAILURE
[INFO] ------------------------------------------------------------------------
[INFO] Total time:  0.313 s
[INFO] Finished at: 2026-03-17T03:05:10-04:00
[INFO] ------------------------------------------------------------------------
[ERROR] Failed to execute goal on project wealth-ui-tests: Could not resolve dependencies for project com.interview:wealth-ui-tests:jar:0.0.1-SNAPSHOT: Could not find artifact com.interview:wealth-api:jar:0.0.1-SNAPSHOT -> [Help 1]
[ERROR] 
[ERROR] To see the full stack trace of the errors, re-run Maven with the -e switch.
[ERROR] Re-run Maven using the -X switch to enable full debug logging.
[ERROR] 
[ERROR] For more information about the errors and possible solutions, please read the following articles:
[ERROR] [Help 1] http://cwiki.apache.org/confluence/display/MAVEN/DependencyResolutionException
